[Licensing::Module] Trying to connect to existing licensing client channel...
Built from '6000.5/staging' branch; Version is '6000.5.8f1 (5cb7df797b7d) revision 6076383'; Using compiler version '194234433'; Build Type 'Release'
OS: 'Windows 11  (10.0.26100) Core' Language: 'es' Physical Memory: 8112 MB
BatchMode: 1, IsHumanControllingUs: 0, StartBugReporterOnCrash: 0, Is64bit: 1
System  architecture: x64
Process architecture: x64
Date: 2026-08-29T18:12:04Z
[Licensing::IpcConnector] Successfully connected to: "LicenseClient-May" at "2026-08-29T18:12:04.2788368Z"

COMMAND LINE ARGUMENTS:
F:\Unity\6000.5.8f1\Editor\Unity.exe
-adb2
-batchMode
-noUpm
-name
AssetImportWorkerHW1
-projectPath
F:/unity/ss/soul-seeker
-logFile
Logs/AssetImportWorkerHW1.log
-srvPort
53720
-parentPid
1700
-analyticsCloudUserId
4674136978559
-analyticsCloudProjectId
c576347a-05d0-4fb0-a4ea-0708e3165bef
-analyticsLocalProjectId
a56da116b9fe1124594780cc3d334692
-editorAnalyticsEnabled
1
-cbmEditorLicense
88c33fff45fb805ade1e95964b3a12c5ccb9ba27
-cbmMachineId
WhHCL6WshhAV/u+JZtnMQZrMpJU=
-licensingIpc
LicenseClient-May
-noDiagnosticSwitchPersistentStore
-job-worker-count
3
-background-job-worker-count
8
-asset-garbage-collectors
1
-force-d3d12
-name
AssetImport
Successfully changed project path to: F:/unity/ss/soul-seeker
F:/unity/ss/soul-seeker
[UnityMemory] Configuration Parameters - Can be set up in boot.config
    "memorysetup-temp-allocator-size-gi-baking-worker=262144"
    "memorysetup-temp-allocator-size-gi-baking-worker=262144"
    "memorysetup-temp-allocator-size-gi-baking-worker=262144"
    "memorysetup-temp-allocator-size-gi-baking-worker=262144"
    "memorysetup-temp-allocator-size-gi-baking-worker=262144"
    "memorysetup-temp-allocator-size-nav-mesh-worker=65536"
    "memorysetup-temp-allocator-size-audio-worker=65536"
    "memorysetup-temp-allocator-size-cloud-worker=32768"
    "memorysetup-temp-allocator-size-gfx=262144"
    "memorysetup-temp-allocator-size-preload-manager=33554432"
    "memorysetup-allocator-temp-initial-block-size-main=262144"
    "memorysetup-allocator-temp-initial-block-size-worker=262144"
    "memorysetup-temp-allocator-size-job-worker=262144"
    "memorysetup-temp-allocator-size-background-worker=32768"
    "memorysetup-bucket-allocator-granularity=16"
    "memorysetup-bucket-allocator-bucket-count=8"
    "memorysetup-bucket-allocator-block-size=33554432"
    "memorysetup-bucket-allocator-block-count=8"
    "memorysetup-main-allocator-block-size=16777216"
    "memorysetup-thread-allocator-block-size=16777216"
    "memorysetup-main-allocator-mimalloc-enabled=0"
    "memorysetup-gfx-main-allocator-block-size=16777216"
    "memorysetup-gfx-thread-allocator-block-size=16777216"
    "memorysetup-cache-allocator-block-size=4194304"
    "memorysetup-typetree-allocator-block-size=2097152"
    "memorysetup-profiler-bucket-allocator-granularity=16"
    "memorysetup-profiler-bucket-allocator-bucket-count=8"
    "memorysetup-profiler-bucket-allocator-block-size=33554432"
    "memorysetup-profiler-bucket-allocator-block-count=8"
    "memorysetup-profiler-allocator-block-size=16777216"
    "memorysetup-profiler-editor-allocator-block-size=1048576"
    "memorysetup-temp-allocator-size-main=16777216"
    "memorysetup-job-temp-allocator-block-size=2097152"
    "memorysetup-job-temp-allocator-block-size-background=1048576"
    "memorysetup-job-temp-allocator-reduction-small-platforms=262144"
Player connection [8460]  Target information:

Player connection [8460]  * "[IP] 192.168.1.18 [Port] 0 [Flags] 2 [Guid] 510374751 [EditorId] 510374751 [Version] 1048832 [Id] WindowsEditor(7,LAPTOP-DM6U2RV0) [Debug] 1 [PackageName] WindowsEditor [ProjectName] Editor" 

Player connection [8460] Host joined multi-casting on [225.0.0.222:54997]...
Player connection [8460] Host joined alternative multi-casting on [225.0.0.222:34997]...
JobSystem: Creating JobQueue using job-worker-count value 3
Input System module state changed to: Initialized.
[Physics::Module] Initialized fallback backend.
[Physics::Module] Id: 0xdecafbad
Library Redirect Path: Library/
[Physics::Module] Selected backend.
[Physics::Module] Name: PhysX
[Physics::Module] Id: 0xf2b8ea05
[Physics::Module] SDK Version: 4.1.2
[Physics::Module] Integration Version: 1.0.0
[Physics::Module] Threading Mode: Multi-Threaded
Refreshing native plugins compatible for Editor in 495.64 ms, found 5 plugins.
Initialize engine version: 6000.5.8f1 (5cb7df797b7d)
[Subsystems] Discovering subsystems at path F:/Unity/6000.5.8f1/Editor/Data/Resources/UnitySubsystems
[Subsystems] Discovering subsystems at path F:/unity/ss/soul-seeker/Assets
Forcing GfxDevice: Direct3D 12
GfxDevice: creating device client; kGfxThreadingModeNonThreaded
d3d12: failed to query info queue interface (0x80004002).
Direct3D:
    Version:         Direct3D 12 [level 12.1]
    Renderer:        NVIDIA GeForce GTX 1650 (ID=0x1f91)
    Vendor:          NVIDIA
    VRAM:            3935 MB
    App VRAM Budget: 3344 MB
    Driver:          32.0.15.9144
Initialize mono
Mono path[0] = 'F:/Unity/6000.5.8f1/Editor/Data/Managed'
Mono path[1] = 'F:/Unity/6000.5.8f1/Editor/Data/BCLExtensions/runtime/netstandard2.1'
Mono path[2] = 'F:/Unity/6000.5.8f1/Editor/Data/MonoBleedingEdge/lib/mono/unityjit-win32'
Mono config path = 'F:/Unity/6000.5.8f1/Editor/Data/MonoBleedingEdge/etc'
Using monoOptions --debugger-agent=transport=dt_socket,embedding=1,server=y,suspend=n,address=127.0.0.1:56944
CodeReloadManager initialized
[Licensing::Client] Error: HandshakeResponse reported an error:
	ResponseCode: 505
	ResponseStatus: Unsupported protocol version '1.18.1'.
[Licensing::Module] Error: Failed to handshake to channel: "LicenseClient-May"
[Licensing::IpcConnector] LicenseClient-May channel disconnected successfully.
[Licensing::IpcConnector] Successfully connected to: "LicenseClient-May-6000.5.8" at "2026-08-29T18:12:31.0101969Z"
[Licensing::Client] Code 10 while verifying Licensing Client signature (process Id: 18504, path: "F:/unity/6000.5.8f1/Editor/Data/Resources/Licensing/Client/Unity.Licensing.Client.exe")
[Licensing::Module] LicensingClient has failed validation; ignoring
[Licensing::Client] Handshaking with LicensingClient:
  Version:                 1.18.1+9fbee8e
  Session Id:              ac16d4edf4404f148ed1e420909196cd
  Correlation Id:          bbbee9324476c63cb34911aef89f6af7
  External correlation Id: 9141968077654810680
  Machine Id:              WhHCL6WshhAV/u+JZtnMQZrMpJU=
[Licensing::Module] Successfully connected to LicensingClient on channel: "LicenseClient-May-6000.5.8" (connect: 0.00s, validation: 0.06s, handshake: 0.06s)
[Licensing::IpcConnector] Successfully connected to: "LicenseClient-May-6000.5.8-notifications" at "2026-08-29T18:12:31.1382889Z"
[Licensing::Module] Licensing Background thread has ended after 26.86s
Begin MonoManager ReloadAssembly
Registering precompiled unity dll's ...
Register platform support module: F:/Unity/6000.5.8f1/Editor/Data/PlaybackEngines/WebGLSupport/UnityEditor.WebGL.Extensions.dll
Register platform support module: F:/Unity/6000.5.8f1/Editor/Data/PlaybackEngines/WindowsStandaloneSupport/UnityEditor.WindowsStandalone.Extensions.dll
Registered in 0.686667 seconds.
Native extension for WindowsStandalone target not found
Native extension for WebGL target not found
Package Manager log level set to [2]
[Package Manager] Failed to launch server process. Reason: Unity was launched with the -noUpm command-line argument
[Package Manager] Unable to send message (not connected to server process).
[Package Manager] Cannot connect to Unity Package Manager local server
ScheduleIndexationOnStartup MainProcess:False IndexOnStartup:True
Mono: successfully reloaded assembly
- Finished resetting the current domain, in  3.170 seconds
Domain Reload Profiling: 8226ms
	BeginReloadAssembly (682ms)
		CreateAndSetChildDomain (6ms)
	RebuildCommonClasses (9ms)
	RebuildNativeTypeToScriptingClass (298ms)
	initialDomainReloadingComplete (994ms)
	LoadAllAssembliesAndSetupDomain (3068ms)
		LoadAssemblies (682ms)
		AnalyzeDomain (2925ms)
			TypeCache.Refresh (2923ms)
				TypeCache.ScanAssembly (2426ms)
	FinalizeReload (3174ms)
		SetupLoadedEditorAssemblies (0ms)
			InitializePlatformSupportModulesInManaged (4ms)
			BeforeProcessingInitializeOnLoad (140ms)
			ProcessInitializeOnLoadAttributes (191ms)
			ProcessInitializeOnLoadMethodAttributes (2706ms)
Initializing Unity extensions:
[Licensing::Client] Successfully resolved entitlement details
[Licensing::Module] License group:
  Id: 4674144612393-sofia_herrera-UnityProStuXXXX
  Product: Unity Student
  Type: Assigned
  Expiration: 2026-12-08T15:48:24Z
Curl error 3: URL rejected: Malformed input to a URL function
========================================================================
Worker process is ready to serve import requests
Import Worker Mode flag is 0x00
Begin MonoManager ReloadAssembly
Symbol file LoadedFromMemory is not a mono symbol file
Refreshing native plugins compatible for Editor in 40.17 ms, found 5 plugins.
Native extension for WindowsStandalone target not found
Native extension for WebGL target not found
[Package Manager] Failed to launch server process. Reason: Unity was launched with the -noUpm command-line argument
[Package Manager] Unable to send message (not connected to server process).
[Package Manager] Cannot connect to Unity Package Manager local server
Refreshing native plugins compatible for Editor in 2.41 ms, found 5 plugins.
[Package Manager] Failed to launch server process. Reason: Unity was launched with the -noUpm command-line argument
[Package Manager] Unable to send message (not connected to server process).
[Package Manager] Cannot connect to Unity Package Manager local server
ScheduleIndexationOnStartup MainProcess:False IndexOnStartup:True
Mono: successfully reloaded assembly
- Finished resetting the current domain, in  2.609 seconds
Domain Reload Profiling: 11108ms
	BeginReloadAssembly (367ms)
		DisableScriptedObjects (17ms)
		CreateAndSetChildDomain (39ms)
	RebuildCommonClasses (10ms)
	RebuildNativeTypeToScriptingClass (24ms)
	initialDomainReloadingComplete (83ms)
	LoadAllAssembliesAndSetupDomain (8014ms)
		LoadAssemblies (6827ms)
		AnalyzeDomain (1106ms)
			TypeCache.Refresh (949ms)
				TypeCache.ScanAssembly (921ms)
			BuildScriptInfoCaches (148ms)
			ResolveRequiredComponents (6ms)
	FinalizeReload (2611ms)
		SetupLoadedEditorAssemblies (0ms)
			BeforeProcessingInitializeOnLoad (117ms)
			ProcessInitializeOnLoadAttributes (701ms)
			ProcessInitializeOnLoadMethodAttributes (1084ms)
			AfterProcessingInitializeOnLoad (22ms)
		AwakeInstancesAfterBackupRestoration (9ms)
AcceleratorClientConnectionCallback - disconnected - :0
Launched and connected shader compiler UnityShaderCompiler.exe after 0.05 seconds
Refreshing native plugins compatible for Editor in 5.45 ms, found 5 plugins.
Unloading 22 Unused Serialized files (Serialized files now loaded: 0)
Curl error 3: URL rejected: Malformed input to a URL function
Unloading 9212 unused Assets / (8.5 MB). Loaded Objects now: 10214.
Memory consumption went from 386.8 MB to 378.3 MB.
Total: 17.963600 ms (FindLiveObjects: 1.693000 ms CreateObjectMapping: 3.851100 ms MarkObjects: 6.965900 ms  DeleteObjects: 5.442100 ms)

========================================================================
Received Prepare
AcceleratorClientConnectionCallback - disconnected - :0
Refreshing native plugins compatible for Editor in 3.78 ms, found 5 plugins.
Unloading 22 Unused Serialized files (Serialized files now loaded: 0)
Unloading 22 unused Assets / (2.6 MB). Loaded Objects now: 10214.
Memory consumption went from 376.8 MB to 374.2 MB.
Total: 14.857700 ms (FindLiveObjects: 0.698300 ms CreateObjectMapping: 1.455800 ms MarkObjects: 12.107800 ms  DeleteObjects: 0.593800 ms)

Prepare: number of updated asset objects reloaded= 0
========================================================================
Received Import Request.
  Time of request: 2026-08-29T18:13:36.6666112Z
  Time since last request: 363911.36914279998746 seconds.
  importAddress: GUID: 37a3ebf2cbd62e144b1d74fd60554b12 - Path: Assets/pot.png - Importer: PreviewImporter
Importing 'GUID: 37a3ebf2cbd62e144b1d74fd60554b12 - Path: Assets/pot.png - Importer: PreviewImporter' with importer (PreviewImporter)
Imported 'GUID: 37a3ebf2cbd62e144b1d74fd60554b12' -> (Import Result ID: 'ef2ef3439af841482be8a6c0aa657d9a') in 0.131 seconds [static and dynamic dependencies]. Details - ImportResultOutputID=a501959a6bb0b357bac48d8ae705b0d9 DependenciesID=361b49244842a86ef01bd326d7d08253 StaticDependenciesID=51a5f60680e1eca617b26ba0a89f2753 
Number of updated asset objects reloaded before import = 0
Number of asset objects unloaded after import = 3
========================================================================
Received Prepare
AcceleratorClientConnectionCallback - disconnected - :0
Refreshing native plugins compatible for Editor in 3.61 ms, found 5 plugins.
Unloading 22 Unused Serialized files (Serialized files now loaded: 0)
Unloading 22 unused Assets / (2.6 MB). Loaded Objects now: 10223.
Memory consumption went from 379.3 MB to 376.7 MB.
Total: 13.658800 ms (FindLiveObjects: 0.874900 ms CreateObjectMapping: 1.562100 ms MarkObjects: 10.496400 ms  DeleteObjects: 0.722500 ms)

Prepare: number of updated asset objects reloaded= 0
========================================================================
Received Import Request.
  Time of request: 2026-08-29T18:16:15.7970267Z
  Time since last request: 158.98260379999999 seconds.
  importAddress: GUID: 3dd98dfa4fdce29438feaafb2e4d8766 - Path: Assets/nightstand.png - Importer: ScriptedImporter/UnityEditor.QuickSearchModule:UnityEditor.Search:ASIAI0B
Importing 'GUID: 3dd98dfa4fdce29438feaafb2e4d8766 - Path: Assets/nightstand.png - Importer: ScriptedImporter/UnityEditor.QuickSearchModule:UnityEditor.Search:ASIAI0B' with importer (ScriptedImporter : UnityEditor.QuickSearchModule:UnityEditor.Search:ASIAI0B)
Imported 'GUID: 3dd98dfa4fdce29438feaafb2e4d8766' -> (Import Result ID: '0f77e91c789c88c6c9a0dc4af0705509') in 0.188 seconds [static and dynamic dependencies]. Details - ImportResultOutputID=a7d2f8feaf09a65f59db36cf8c469dec DependenciesID=9543aa5d711519adb0cd4345313ce141 StaticDependenciesID=9975dca2d99175ceff121bc76dcaf129 
Number of updated asset objects reloaded before import = 0
Number of asset objects unloaded after import = 3
========================================================================
Received Prepare
AcceleratorClientConnectionCallback - disconnected - :0
Refreshing native plugins compatible for Editor in 4.40 ms, found 5 plugins.
Unloading 22 Unused Serialized files (Serialized files now loaded: 0)
Unloading 22 unused Assets / (2.6 MB). Loaded Objects now: 10223.
Memory consumption went from 382.6 MB to 380.0 MB.
Total: 44.781500 ms (FindLiveObjects: 2.755800 ms CreateObjectMapping: 1.827300 ms MarkObjects: 39.594100 ms  DeleteObjects: 0.601400 ms)

Prepare: number of updated asset objects reloaded= 0
========================================================================
Received Import Request.
  Time of request: 2026-08-29T18:20:35.6427499Z
  Time since last request: 259.64084680000002 seconds.
  importAddress: GUID: 9137656df385f9b448c55b54fa1e6337 - Path: Assets/garden.prefab - Importer: ScriptedImporter/UnityEditor.QuickSearchModule:UnityEditor.Search:ASIAI0B
Importing 'GUID: 9137656df385f9b448c55b54fa1e6337 - Path: Assets/garden.prefab - Importer: ScriptedImporter/UnityEditor.QuickSearchModule:UnityEditor.Search:ASIAI0B' with importer (ScriptedImporter : UnityEditor.QuickSearchModule:UnityEditor.Search:ASIAI0B)
Imported 'GUID: 9137656df385f9b448c55b54fa1e6337' -> (Import Result ID: 'd5825d17380bdd60efc6daec6b64bdaf') in 0.384 seconds [static and dynamic dependencies]. Details - ImportResultOutputID=6dc67dbba9b4cc60148fe154ca88c5c7 DependenciesID=ec62962be5bc04ef74e9938de5c6033c StaticDependenciesID=24d9de0c8586a065aa05608f2b251a5a 
Number of updated asset objects reloaded before import = 0
Number of asset objects unloaded after import = 10
========================================================================
Received Prepare
AcceleratorClientConnectionCallback - disconnected - :0
Refreshing native plugins compatible for Editor in 2.83 ms, found 5 plugins.
Unloading 22 Unused Serialized files (Serialized files now loaded: 0)
Unloading 22 unused Assets / (2.6 MB). Loaded Objects now: 10223.
Memory consumption went from 383.0 MB to 380.4 MB.
Total: 14.130700 ms (FindLiveObjects: 1.058300 ms CreateObjectMapping: 2.199800 ms MarkObjects: 10.239800 ms  DeleteObjects: 0.631100 ms)

Prepare: number of updated asset objects reloaded= 0
========================================================================
Received Import Request.
  Time of request: 2026-08-29T18:20:54.0434123Z
  Time since last request: 17.9999164 seconds.
  importAddress: GUID: ef586c6cdb983fe41ba51271d89b0c84 - Path: Assets/bg_garden.png - Importer: PreviewImporter
Importing 'GUID: ef586c6cdb983fe41ba51271d89b0c84 - Path: Assets/bg_garden.png - Importer: PreviewImporter' with importer (PreviewImporter)
Imported 'GUID: ef586c6cdb983fe41ba51271d89b0c84' -> (Import Result ID: 'b926b454da77276e7bf8e11a3f4ee6d1') in 0.101 seconds [static and dynamic dependencies]. Details - ImportResultOutputID=9e5900f568b1181c2aa3c3b437ae620a DependenciesID=eba9b33a35dbb29bf956147cd5d0c726 StaticDependenciesID=5aab6d548da84e58f9e85ae64aa9b91d 
Number of updated asset objects reloaded before import = 0
Number of asset objects unloaded after import = 3
========================================================================
Received Prepare
AcceleratorClientConnectionCallback - disconnected - :0
Refreshing native plugins compatible for Editor in 3.44 ms, found 5 plugins.
Unloading 22 Unused Serialized files (Serialized files now loaded: 0)
Unloading 22 unused Assets / (2.6 MB). Loaded Objects now: 10225.
Memory consumption went from 381.2 MB to 378.6 MB.
Total: 13.290000 ms (FindLiveObjects: 0.737600 ms CreateObjectMapping: 1.528700 ms MarkObjects: 10.238600 ms  DeleteObjects: 0.783800 ms)

Prepare: number of updated asset objects reloaded= 0
========================================================================
Received Import Request.
  Time of request: 2026-08-29T18:20:56.2285041Z
  Time since last request: 2.0677264 seconds.
  importAddress: GUID: 9137656df385f9b448c55b54fa1e6337 - Path: Assets/garden.prefab - Importer: PreviewImporter
Importing 'GUID: 9137656df385f9b448c55b54fa1e6337 - Path: Assets/garden.prefab - Importer: PreviewImporter' with importer (PreviewImporter)
Imported 'GUID: 9137656df385f9b448c55b54fa1e6337' -> (Import Result ID: '0a41475855366ee7599d12cbd641f627') in 0.879 seconds [static and dynamic dependencies]. Details - ImportResultOutputID=09a7966bed120d7fa65d5c3bc9389433 DependenciesID=6b48e5e6c84078e1fcf071f317e15d1c StaticDependenciesID=f9816a4bc33782154c6e3dbe79f24a95 
Number of updated asset objects reloaded before import = 0
Number of asset objects unloaded after import = 15
========================================================================
Received Prepare
AcceleratorClientConnectionCallback - disconnected - :0
Refreshing native plugins compatible for Editor in 3.66 ms, found 5 plugins.
Unloading 22 Unused Serialized files (Serialized files now loaded: 0)
Unloading 22 unused Assets / (2.6 MB). Loaded Objects now: 10324.
Memory consumption went from 390.4 MB to 387.8 MB.
Total: 18.620100 ms (FindLiveObjects: 0.890600 ms CreateObjectMapping: 1.566600 ms MarkObjects: 15.297200 ms  DeleteObjects: 0.864300 ms)

Prepare: number of updated asset objects reloaded= 0
========================================================================
Received Import Request.
  Time of request: 2026-08-29T18:21:18.2996182Z
  Time since last request: 21.1711086 seconds.
  importAddress: GUID: 9137656df385f9b448c55b54fa1e6337 - Path: Assets/garden.prefab - Importer: PreviewImporter
Importing 'GUID: 9137656df385f9b448c55b54fa1e6337 - Path: Assets/garden.prefab - Importer: PreviewImporter' with importer (PreviewImporter)
Imported 'GUID: 9137656df385f9b448c55b54fa1e6337' -> (Import Result ID: '1e901218085c2a6a71c13a5a3ba8ac85') in 0.042 seconds [static and dynamic dependencies]. Details - ImportResultOutputID=a60edf7f73c6525fd6b4a160bfc8c2b2 DependenciesID=d904808a3901eb4155c1a36db57469a4 StaticDependenciesID=f2bd6296e3da485c5f8ab32343e79c11 
Number of updated asset objects reloaded before import = 0
Number of asset objects unloaded after import = 16
========================================================================
Received Import Request.
  Time of request: 2026-08-29T18:21:19.259452Z
  Time since last request: 0.9002309 seconds.
  importAddress: GUID: 9137656df385f9b448c55b54fa1e6337 - Path: Assets/garden.prefab - Importer: ScriptedImporter/UnityEditor.QuickSearchModule:UnityEditor.Search:ASIAI0B
Importing 'GUID: 9137656df385f9b448c55b54fa1e6337 - Path: Assets/garden.prefab - Importer: ScriptedImporter/UnityEditor.QuickSearchModule:UnityEditor.Search:ASIAI0B' with importer (ScriptedImporter : UnityEditor.QuickSearchModule:UnityEditor.Search:ASIAI0B)
Imported 'GUID: 9137656df385f9b448c55b54fa1e6337' -> (Import Result ID: '95ed9e5222d3fc348067d1fb6b78604c') in 0.023 seconds [static and dynamic dependencies]. Details - ImportResultOutputID=f316c45da9588be87af17e71b182e068 DependenciesID=d8f32e4526014da2800eae17c8a0d2bf StaticDependenciesID=70fc808ae6684790c69001df0430dc8b 
Number of updated asset objects reloaded before import = 0
Number of asset objects unloaded after import = 15
========================================================================
Received Prepare
AcceleratorClientConnectionCallback - disconnected - :0
Refreshing native plugins compatible for Editor in 5.84 ms, found 5 plugins.
Unloading 22 Unused Serialized files (Serialized files now loaded: 0)
Unloading 22 unused Assets / (2.6 MB). Loaded Objects now: 10324.
Memory consumption went from 390.4 MB to 387.8 MB.
Total: 50.141800 ms (FindLiveObjects: 2.397400 ms CreateObjectMapping: 2.916000 ms MarkObjects: 44.088000 ms  DeleteObjects: 0.737400 ms)

Prepare: number of updated asset objects reloaded= 0
========================================================================
Received Import Request.
  Time of request: 2026-08-29T18:25:17.6155946Z
  Time since last request: 238.31826609999999 seconds.
  importAddress: GUID: 2d65bfca586946846860449644d682e1 - Path: Assets/New Palette.prefab - Importer: ScriptedImporter/UnityEditor.QuickSearchModule:UnityEditor.Search:ASIAI0B
Importing 'GUID: 2d65bfca586946846860449644d682e1 - Path: Assets/New Palette.prefab - Importer: ScriptedImporter/UnityEditor.QuickSearchModule:UnityEditor.Search:ASIAI0B' with importer (ScriptedImporter : UnityEditor.QuickSearchModule:UnityEditor.Search:ASIAI0B)
Imported 'GUID: 2d65bfca586946846860449644d682e1' -> (Import Result ID: '1f99d005d02ead00b6ba9c2348e6ce16') in 0.031 seconds [static and dynamic dependencies]. Details - ImportResultOutputID=adab22272509f621cc1078f622b3b9cf DependenciesID=e77a5d21b430a88a981bd9cfd8642034 StaticDependenciesID=95b3d55eb91ddc12a33c46de54d53ec1 
Number of updated asset objects reloaded before import = 0
Number of asset objects unloaded after import = 10
========================================================================
Received Import Request.
  Time of request: 2026-08-29T18:25:17.6678362Z
  Time since last request: 0.0022103 seconds.
  importAddress: GUID: 55147e7a45371a247b1747854b43dbd3 - Path: Assets/miniwall_0.asset - Importer: PreviewImporter
Importing 'GUID: 55147e7a45371a247b1747854b43dbd3 - Path: Assets/miniwall_0.asset - Importer: PreviewImporter' with importer (PreviewImporter)
Imported 'GUID: 55147e7a45371a247b1747854b43dbd3' -> (Import Result ID: '0fc7124f11b27ffe27d9e788a20c0b8e') in 0.062 seconds [static and dynamic dependencies]. Details - ImportResultOutputID=9f1775b708ef489f9d44491ef9de0d0b DependenciesID=24090594d252368185bed7108f230757 StaticDependenciesID=73eb78b4552504a8f12fdabd59f85a05 
Number of updated asset objects reloaded before import = 0
Number of asset objects unloaded after import = 3
========================================================================
Received Prepare
AcceleratorClientConnectionCallback - disconnected - :0
Refreshing native plugins compatible for Editor in 7.56 ms, found 5 plugins.
Unloading 22 Unused Serialized files (Serialized files now loaded: 0)
Unloading 22 unused Assets / (2.6 MB). Loaded Objects now: 10327.
Memory consumption went from 390.4 MB to 387.8 MB.
Total: 337.309600 ms (FindLiveObjects: 38.102000 ms CreateObjectMapping: 3.848900 ms MarkObjects: 294.043700 ms  DeleteObjects: 1.170200 ms)

Prepare: number of updated asset objects reloaded= 0
========================================================================
Received Import Request.
  Time of request: 2026-08-29T18:54:14.2909384Z
  Time since last request: 1736.54507310000008 seconds.
  importAddress: GUID: 1d507909e70673444b2896b0ea532837 - Path: Assets/gardenwall_0.asset - Importer: ScriptedImporter/UnityEditor.QuickSearchModule:UnityEditor.Search:ASIAI0B
Importing 'GUID: 1d507909e70673444b2896b0ea532837 - Path: Assets/gardenwall_0.asset - Importer: ScriptedImporter/UnityEditor.QuickSearchModule:UnityEditor.Search:ASIAI0B' with importer (ScriptedImporter : UnityEditor.QuickSearchModule:UnityEditor.Search:ASIAI0B)
Imported 'GUID: 1d507909e70673444b2896b0ea532837' -> (Import Result ID: '75ad88538960ac676152860b2e1f4b81') in 0.468 seconds [static and dynamic dependencies]. Details - ImportResultOutputID=438162e870e62b42b2638522c96f8be7 DependenciesID=0add52e02fe33bb9124f888f1c380665 StaticDependenciesID=08348008ef995aeb91d92ee61a9c0db1 
Number of updated asset objects reloaded before import = 0
Number of asset objects unloaded after import = 2
Editor requested this worker to shutdown with reason: Editor is closing down
AcceleratorClientConnectionCallback - disconnected - :0
AssetImportWorker is now disconnected from the server
Process exiting
Exiting without the bug reporter. Application will terminate with return code 0